// Jest Snapshot v1, https://goo.gl/fbAQLP

exports[`convert po to js 1`] = `"{\\"charset\\":\\"utf-8\\",\\"headers\\":{\\"Content-Type\\":\\"text/plain; charset=utf-8\\",\\"Plural-Forms\\":\\"nplurals=2; plural=(n!=1);\\"},\\"translations\\":{\\"\\":{\\"\\":{\\"msgid\\":\\"\\",\\"msgstr\\":[\\"Content-Type: text/plain; charset=utf-8\\\\nPlural-Forms: nplurals=2; plural=(n!=1);\\\\n\\"]},\\"test\\":{\\"msgid\\":\\"test\\",\\"msgstr\\":[\\"test translated\\"]}},\\"ctx1\\":{\\"test\\":{\\"msgid\\":\\"test\\",\\"msgctxt\\":\\"ctx1\\",\\"msgstr\\":[\\"test translated\\"]}},\\"ctx2\\":{\\"test\\":{\\"msgid\\":\\"test\\",\\"msgctxt\\":\\"ctx2\\",\\"msgstr\\":[\\"test translated\\"]}}}}"`;

exports[`convert po to js nostrip 1`] = `"{\\"charset\\":\\"utf-8\\",\\"headers\\":{\\"Content-Type\\":\\"text/plain; charset=utf-8\\",\\"Plural-Forms\\":\\"nplurals=2; plural=(n!=1);\\"},\\"translations\\":{\\"\\":{\\"\\":{\\"msgid\\":\\"\\",\\"comments\\":{\\"translator\\":\\"SOME DESCRIPTIVE TITLE\\\\nCopyright (C) YEAR Free Software Foundation, Inc.\\\\nThis file is distributed under the same license as the PACKAGE package.\\\\nFIRST AUTHOR <EMAIL@ADDRESS>, YEAR.\\"},\\"msgstr\\":[\\"Content-Type: text/plain; charset=utf-8\\\\nPlural-Forms: nplurals=2; plural=(n!=1);\\\\n\\"]},\\"test\\":{\\"msgid\\":\\"test\\",\\"comments\\":{\\"reference\\":\\"tests/fixtures/checkTest/check-trans-exist.js:3\\"},\\"msgstr\\":[\\"test translated\\"]}},\\"ctx1\\":{\\"test\\":{\\"msgid\\":\\"test\\",\\"msgctxt\\":\\"ctx1\\",\\"comments\\":{\\"reference\\":\\"tests/fixtures/checkTest/check-trans-exist.js:3\\"},\\"msgstr\\":[\\"test translated\\"]}},\\"ctx2\\":{\\"test\\":{\\"msgid\\":\\"test\\",\\"msgctxt\\":\\"ctx2\\",\\"comments\\":{\\"reference\\":\\"tests/fixtures/checkTest/check-trans-exist.js:3\\"},\\"msgstr\\":[\\"test translated\\"]}}}}"`;

exports[`convert po to js pretty 1`] = `
"{
  \\"charset\\": \\"utf-8\\",
  \\"headers\\": {
    \\"Content-Type\\": \\"text/plain; charset=utf-8\\",
    \\"Plural-Forms\\": \\"nplurals=2; plural=(n!=1);\\"
  },
  \\"translations\\": {
    \\"\\": {
      \\"\\": {
        \\"msgid\\": \\"\\",
        \\"msgstr\\": [
          \\"Content-Type: text/plain; charset=utf-8\\\\nPlural-Forms: nplurals=2; plural=(n!=1);\\\\n\\"
        ]
      },
      \\"test\\": {
        \\"msgid\\": \\"test\\",
        \\"msgstr\\": [
          \\"test translated\\"
        ]
      }
    },
    \\"ctx1\\": {
      \\"test\\": {
        \\"msgid\\": \\"test\\",
        \\"msgctxt\\": \\"ctx1\\",
        \\"msgstr\\": [
          \\"test translated\\"
        ]
      }
    },
    \\"ctx2\\": {
      \\"test\\": {
        \\"msgid\\": \\"test\\",
        \\"msgctxt\\": \\"ctx2\\",
        \\"msgstr\\": [
          \\"test translated\\"
        ]
      }
    }
  }
}"
`;

exports[`should apply compact format 1`] = `"{\\"headers\\":{\\"plural-forms\\":\\"nplurals=2; plural=(n!=1);\\"},\\"contexts\\":{\\"\\":{\\"test\\":[\\"test translated\\"]},\\"ctx1\\":{\\"test\\":[\\"test translated\\"]},\\"ctx2\\":{\\"test\\":[\\"test translated\\"]}}}"`;
